[mavis/dml] test _verify_panic_probe_test.mbt:6 ("smoke_kahan_sum_empty") failed: Error
    at throw
    at @moonbitlang/core/abort.abort[Unit] C:\Users\31379\.moon\lib\core\abort\abort.mbt:29
    at @mavis/dml.check D:\src\MiniMax\Projects\DoubleMachineLearning\dml-moonbit\check.mbt:11
    at @mavis/dml.require D:\src\MiniMax\Projects\DoubleMachineLearning\dml-moonbit\check.mbt:21
    at @mavis/dml.kahan_sum D:\src\MiniMax\Projects\DoubleMachineLearning\dml-moonbit\kahan.mbt:59
    at @mavis/dml_blackbox_test.__test_5f7665726966795f70616e69635f70726f62655f746573742e6d6274_0 D:\src\MiniMax\Projects\DoubleMachineLearning\dml-moonbit\_verify_panic_probe_test.mbt:7
    at @mavis/dml_blackbox_test.__test_5f7665726966795f70616e69635f70726f62655f746573742e6d6274_0.dyncall
    at @mavis/dml_blackbox_test.moonbit_test_driver_internal_catch_error D:\src\MiniMax\Projects\DoubleMachineLearning\dml-moonbit\__generated_driver_for_blackbox_test.mbt:422
    at impl @mavis/dml_blackbox_test.MoonBit_Test_Driver for @mavis/dml_blackbox_test.MoonBit_Test_Driver_Internal_No_Args with run_test D:\src\MiniMax\Projects\DoubleMachineLearning\dml-moonbit\__generated_driver_for_blackbox_test.mbt:611
    at @mavis/dml_blackbox_test.moonbit_test_driver_internal_do_execute D:\src\MiniMax\Projects\DoubleMachineLearning\dml-moonbit\__generated_driver_for_blackbox_test.mbt:781
[mavis/dml] test _verify_panic_probe_test.mbt:10 ("smoke_var_est_length_mismatch") failed: Error
    at throw
    at @moonbitlang/core/abort.abort[Unit] C:\Users\31379\.moon\lib\core\abort\abort.mbt:29
    at @mavis/dml.check D:\src\MiniMax\Projects\DoubleMachineLearning\dml-moonbit\check.mbt:11
    at @mavis/dml.require D:\src\MiniMax\Projects\DoubleMachineLearning\dml-moonbit\check.mbt:21
    at @mavis/dml.var_est D:\src\MiniMax\Projects\DoubleMachineLearning\dml-moonbit\var_est.mbt:28
    at @mavis/dml_blackbox_test.__test_5f7665726966795f70616e69635f70726f62655f746573742e6d6274_1 D:\src\MiniMax\Projects\DoubleMachineLearning\dml-moonbit\_verify_panic_probe_test.mbt:11
    at @mavis/dml_blackbox_test.__test_5f7665726966795f70616e69635f70726f62655f746573742e6d6274_1.dyncall
    at @mavis/dml_blackbox_test.moonbit_test_driver_internal_catch_error D:\src\MiniMax\Projects\DoubleMachineLearning\dml-moonbit\__generated_driver_for_blackbox_test.mbt:422
    at impl @mavis/dml_blackbox_test.MoonBit_Test_Driver for @mavis/dml_blackbox_test.MoonBit_Test_Driver_Internal_No_Args with run_test D:\src\MiniMax\Projects\DoubleMachineLearning\dml-moonbit\__generated_driver_for_blackbox_test.mbt:611
    at @mavis/dml_blackbox_test.moonbit_test_driver_internal_do_execute D:\src\MiniMax\Projects\DoubleMachineLearning\dml-moonbit\__generated_driver_for_blackbox_test.mbt:781
[mavis/dml] test _verify_panic_probe_test.mbt:14 ("smoke_logistic_predict_before_fit") failed: Error
    at throw
    at @moonbitlang/core/abort.abort[Unit] C:\Users\31379\.moon\lib\core\abort\abort.mbt:29
    at @mavis/dml.check D:\src\MiniMax\Projects\DoubleMachineLearning\dml-moonbit\check.mbt:11
    at @mavis/dml.require D:\src\MiniMax\Projects\DoubleMachineLearning\dml-moonbit\check.mbt:21
    at @mavis/dml.LogisticRegression::predict D:\src\MiniMax\Projects\DoubleMachineLearning\dml-moonbit\logistic.mbt:157
    at @mavis/dml_blackbox_test.__test_5f7665726966795f70616e69635f70726f62655f746573742e6d6274_2 D:\src\MiniMax\Projects\DoubleMachineLearning\dml-moonbit\_verify_panic_probe_test.mbt:16
    at @mavis/dml_blackbox_test.__test_5f7665726966795f70616e69635f70726f62655f746573742e6d6274_2.dyncall
    at @mavis/dml_blackbox_test.moonbit_test_driver_internal_catch_error D:\src\MiniMax\Projects\DoubleMachineLearning\dml-moonbit\__generated_driver_for_blackbox_test.mbt:422
    at impl @mavis/dml_blackbox_test.MoonBit_Test_Driver for @mavis/dml_blackbox_test.MoonBit_Test_Driver_Internal_No_Args with run_test D:\src\MiniMax\Projects\DoubleMachineLearning\dml-moonbit\__generated_driver_for_blackbox_test.mbt:611
    at @mavis/dml_blackbox_test.moonbit_test_driver_internal_do_execute D:\src\MiniMax\Projects\DoubleMachineLearning\dml-moonbit\__generated_driver_for_blackbox_test.mbt:781
Total tests: 4, passed: 1, failed: 3.
