======================================================================
PLIV comparison (partialling out, single IV)
======================================================================
Python (upstream doubleml)            theta = 1.065632453349  se = 0.044545975893
Python (hand-rolled, matches MoonBit) theta = 1.065632453349  se = 0.044545975893
|theta_upstream - theta_handrolled| = 0.00e+00
|se_upstream    - se_handrolled|    = 2.08e-17

======================================================================
Running MoonBit port: `moon run cmd/main` ...
======================================================================
MoonBit port:
  theta = 1.007727160180
  se    = 0.062955530685
  95% CI = [0.884334320037, 1.131120000322]
======================================================================
|moonbit - handrolled| = 5.79e-02
|moonbit - upstream|   = 5.79e-02

Sanity check: true theta = 1.0 should be near all three estimates.
(Finite-sample bias of partialling-out PLIV with one IV is
 known to be O(1/n) and can shift the point estimate by a few
 percent. The CI is what matters for inference.)
