=== MoonBit DML PLR (partialling out) ===
true theta_0      = 1
estimated theta   = 0.9763281577675552
standard error    = 0.08740490230937094
95% confint       = [0.8050145492411882, 1.1476417662939222]
n_obs             = 500
=== MoonBit DML PLR (n_rep=5) ===
estimated theta (n_rep=5) = 1.024942100986341
se (n_rep=5) = 0.08798964768680669

=== MoonBit DML IRM (ATE score) ===
true theta_0      = 1
estimated ATE     = 0.9810868425602967
standard error    = 0.09164587598716052
95% confint       = [0.801460925625462, 1.1607127594951312]
n_obs             = 500
=== MoonBit DML IRM (n_rep=5) ===
estimated theta (n_rep=5) = 1.024538802100687
se (n_rep=5) = 0.09398182344286322

=== MoonBit DML PLIV (partialling out, single IV) ===
true theta_0      = 1
estimated theta   = 0.9614639964336377
standard error    = 0.05547595056368731
95% confint       = [0.8527311333288106, 1.0701968595384648]
n_obs             = 500
=== MoonBit DML PLIV (n_rep=5) ===
estimated theta (n_rep=5) = 0.9273434765974726
se (n_rep=5) = 0.056060560332336494

=== MoonBit DML IIVM (LATE score) ===
true LATE         = 1
estimated LATE    = 0.9665030630147374
standard error    = 0.14519247698127669
95% confint       = [0.6819258081314351, 1.2510803178980399]
n_obs             = 500
=== MoonBit DML IIVM (n_rep=5) ===
estimated theta (n_rep=5) = 0.9665030630147374
se (n_rep=5) = 0.14519247698127674

=== MoonBit DML DID (observational score) ===
true theta_0      = 1
estimated theta   = 1.0013179465011794
standard error    = 0.009607285911301918
95% confint       = [0.9824876661150277, 1.0201482268873312]
n_obs             = 500
=== MoonBit DML DID (n_rep=5) ===
estimated theta (n_rep=5) = 1.0013334318414537
se (n_rep=5) = 0.009646186873554499

=== MoonBit DML SSM (MAR score) ===
true theta_0      = 1
estimated theta   = 0.9808510144689583
standard error    = 0.043043885073949024
95% confint       = [0.8964849997240182, 1.0652170292138983]
n_obs             = 500

=== MoonBit DML LPQ (complier potential median, treatment=1) ===
true complier q0.5 = 1.49
estimated theta   = 1.48
standard error    = 0.10790312500923895

=== MoonBit DML PQ (potential median, treatment=1, Bug #3 IPW bisection) ===
true potential q0.5 (treated) = 1.49
estimated theta   = 1.48
standard error    = 0.06229989170762952

=== MoonBit DML QTE (potential quantile difference, Bug #2 covariance SE) ===
true QTE (q=0.25, 0.5, 0.75) = [0.99, 0.99, 0.99] (location shift)
QTE coefficients = [0.9899999999999998, 0.99, 0.9899999999999998]
QTE SEs = [0.07635882450288395, 0.0881349473731053, 0.07631978125630517]
PQ SE (treat=1) = 0.06229989170762952, PQ SE (treat=0) = 0.06237161300992662
Pre-fix buggy QTE SE (q=0.5) = sqrt(SE_1^2 + SE_0^2) = 0.08815608099412323

=== MoonBit BLP (per-coefficient SE, Bug #5) ===
true intercept=2, slope=3
coef = [1.9999999999995965, 2.9999999999981983]
se   = [4.993823363384832e-14, 8.649521191389727e-14]

=== MoonBit PolicyTree (Bug #8: variance-reduction gain) ===
split_feature = 0
split_value   = -0.0020000000000000087
predict([-0.5, 0.5]) = [0, 1]

=== MoonBit RDD (sharp, Bug #6: kernel weights in fit) ===
true jump = 2.0
coef = 2.000000000028792
se   = 1.2638200048590216e-12

=== MoonBit RDD (fuzzy, Bug #7: delta-method cross-cov) ===
true Wald = 0.6
coef = 0.6000000001920017
se   = 6.158423430981269e-12
